// Jest Snapshot v1, https://goo.gl/fbAQLP

exports[`Should Page render correctly 1`] = `
<div
  className="page"
>
  <div />
</div>
`;
