// Jest Snapshot v1, https://goo.gl/fbAQLP

exports[`Should Favorites render correctly 1`] = `
<div
  className="page__favorites-container container"
>
  <section
    className="favorites"
  >
    <h1
      className="favorites__title"
    >
      Saved listing
    </h1>
    <ul
      className="favorites__list"
    >
      <li
        className="favorites__locations-items"
      >
        <div
          className="favorites__locations locations locations--current"
        >
          <div
            className="locations__item"
          >
            <a
              className="locations__item-link"
              href="#"
            >
              <span>
                Brussels
              </span>
            </a>
          </div>
        </div>
        <div
          className="favorites__places"
        >
          <article
            className="favorites__card place-card"
            onClick={[Function]}
            onMouseEnter={[Function]}
            onMouseLeave={[Function]}
          >
            <div
              className="favorites__image-wrapper place-card__image-wrapper"
            >
              <a
                href="#"
              >
                <img
                  alt="Place image"
                  className="place-card__image"
                  height={110}
                  src="https://htmlacademy-react-2.appspot.com/six-cities/static/hotel/10.jpg"
                  width={150}
                />
              </a>
            </div>
            <div
              className="favorites__card__info"
            >
              <div
                className="place-card__price-wrapper"
              >
                <div
                  className="place-card__price"
                >
                  <b
                    className="place-card__price-value"
                  >
                    €
                    463
                  </b>
                  <span
                    className="place-card__price-text"
                  >
                    / night
                  </span>
                </div>
                <button
                  className="place-card__bookmark-button button"
                  onClick={[Function]}
                  type="button"
                >
                  <svg
                    className="place-card__bookmark-icon"
                    height="19"
                    width="18"
                  >
                    <use
                      xlinkHref="#icon-bookmark"
                    />
                  </svg>
                  <span
                    className="visually-hidden"
                  >
                    To
                     bookmarks
                  </span>
                </button>
              </div>
              <div
                className="place-card__rating rating"
              >
                <div
                  className="place-card__stars rating__stars"
                >
                  <span
                    style={
                      Object {
                        "width": "80%",
                      }
                    }
                  />
                  <span
                    className="visually-hidden"
                  >
                    Rating
                  </span>
                </div>
              </div>
              <h2
                className="place-card__name"
              >
                <a
                  href="#"
                >
                  Nice, cozy, warm big bed apartment
                </a>
              </h2>
              <p
                className="place-card__type"
              >
                hotel
              </p>
            </div>
          </article>
        </div>
      </li>
    </ul>
  </section>
</div>
`;
