// Jest Snapshot v1, https://goo.gl/fbAQLP

exports[`Should Main render correctly 1`] = `
<main
  className="page__main"
>
  <div />
</main>
`;
